Starting interactive lesson compilation...
Compiling vocabulary keyterms...
Success: Generated shared/keyterms.js
Compiling lesson: [city-planning] - Helping Hands MB City Planning Lessons...
Success: Generated module at /city-planning/
Compiling lesson: [electricity] - Helping Hands MB Circuit Basics Lessons...
Success: Generated module at /electricity/
Compiling lesson: [magnetism] - Helping Hands MB Magnetism Lessons...
Success: Generated module at /magnetism/
Rebuilding homepage lessons portal...
Success: Rebuilt homepage lessons list.
Lesson compilation complete!
